[   23920ms] [INFO] %cDownload the React DevTools for a better development experience: https://react.dev/link/react-devtools font-weight:bold @ webpack-internal:///(app-pages-browser)/../../node_modules/.pnpm/next@15.5.19_@opentelemetry+api@1.9.1_react-dom@19.2.7_react@19.2.7__react@19.2.7/node_modules/next/dist/compiled/react-dom/cjs/react-dom-client.development.js:25630
[   24198ms] [ERROR] Failed to load resource: the server responded with a status of 404 (Not Found) @ http://localhost:3000/favicon.ico:0
[   51305ms] [LOG] [Fast Refresh] rebuilding @ webpack-internal:///(app-pages-browser)/../../node_modules/.pnpm/next@15.5.19_@opentelemetry+api@1.9.1_react-dom@19.2.7_react@19.2.7__react@19.2.7/node_modules/next/dist/client/dev/hot-reloader/app/hot-reloader-app.js:196
[   53052ms] [LOG] [Fast Refresh] done in 1748ms @ webpack-internal:///(app-pages-browser)/../../node_modules/.pnpm/next@15.5.19_@opentelemetry+api@1.9.1_react-dom@19.2.7_react@19.2.7__react@19.2.7/node_modules/next/dist/client/dev/report-hmr-latency.js:13
[   58160ms] [LOG] [Fast Refresh] rebuilding @ webpack-internal:///(app-pages-browser)/../../node_modules/.pnpm/next@15.5.19_@opentelemetry+api@1.9.1_react-dom@19.2.7_react@19.2.7__react@19.2.7/node_modules/next/dist/client/dev/hot-reloader/app/hot-reloader-app.js:196
[   62898ms] [LOG] [Fast Refresh] done in 4739ms @ webpack-internal:///(app-pages-browser)/../../node_modules/.pnpm/next@15.5.19_@opentelemetry+api@1.9.1_react-dom@19.2.7_react@19.2.7__react@19.2.7/node_modules/next/dist/client/dev/report-hmr-latency.js:13
[   66599ms] [LOG] [Fast Refresh] rebuilding @ webpack-internal:///(app-pages-browser)/../../node_modules/.pnpm/next@15.5.19_@opentelemetry+api@1.9.1_react-dom@19.2.7_react@19.2.7__react@19.2.7/node_modules/next/dist/client/dev/hot-reloader/app/hot-reloader-app.js:196
[   67713ms] [LOG] [Fast Refresh] rebuilding @ webpack-internal:///(app-pages-browser)/../../node_modules/.pnpm/next@15.5.19_@opentelemetry+api@1.9.1_react-dom@19.2.7_react@19.2.7__react@19.2.7/node_modules/next/dist/client/dev/hot-reloader/app/hot-reloader-app.js:196
[   68154ms] [LOG] [Fast Refresh] done in 442ms @ webpack-internal:///(app-pages-browser)/../../node_modules/.pnpm/next@15.5.19_@opentelemetry+api@1.9.1_react-dom@19.2.7_react@19.2.7__react@19.2.7/node_modules/next/dist/client/dev/report-hmr-latency.js:13
[   69220ms] [LOG] [Fast Refresh] done in 1507ms @ webpack-internal:///(app-pages-browser)/../../node_modules/.pnpm/next@15.5.19_@opentelemetry+api@1.9.1_react-dom@19.2.7_react@19.2.7__react@19.2.7/node_modules/next/dist/client/dev/report-hmr-latency.js:13
[   71846ms] [LOG] [Fast Refresh] rebuilding @ webpack-internal:///(app-pages-browser)/../../node_modules/.pnpm/next@15.5.19_@opentelemetry+api@1.9.1_react-dom@19.2.7_react@19.2.7__react@19.2.7/node_modules/next/dist/client/dev/hot-reloader/app/hot-reloader-app.js:196
[   72372ms] [LOG] [Fast Refresh] rebuilding @ webpack-internal:///(app-pages-browser)/../../node_modules/.pnpm/next@15.5.19_@opentelemetry+api@1.9.1_react-dom@19.2.7_react@19.2.7__react@19.2.7/node_modules/next/dist/client/dev/hot-reloader/app/hot-reloader-app.js:196
[   72438ms] [LOG] [Fast Refresh] done in 66ms @ webpack-internal:///(app-pages-browser)/../../node_modules/.pnpm/next@15.5.19_@opentelemetry+api@1.9.1_react-dom@19.2.7_react@19.2.7__react@19.2.7/node_modules/next/dist/client/dev/report-hmr-latency.js:13
[   74120ms] [LOG] [Fast Refresh] done in 1748ms @ webpack-internal:///(app-pages-browser)/../../node_modules/.pnpm/next@15.5.19_@opentelemetry+api@1.9.1_react-dom@19.2.7_react@19.2.7__react@19.2.7/node_modules/next/dist/client/dev/report-hmr-latency.js:13
[   75258ms] [LOG] [Fast Refresh] rebuilding @ webpack-internal:///(app-pages-browser)/../../node_modules/.pnpm/next@15.5.19_@opentelemetry+api@1.9.1_react-dom@19.2.7_react@19.2.7__react@19.2.7/node_modules/next/dist/client/dev/hot-reloader/app/hot-reloader-app.js:196
[   76408ms] [LOG] [Fast Refresh] rebuilding @ webpack-internal:///(app-pages-browser)/../../node_modules/.pnpm/next@15.5.19_@opentelemetry+api@1.9.1_react-dom@19.2.7_react@19.2.7__react@19.2.7/node_modules/next/dist/client/dev/hot-reloader/app/hot-reloader-app.js:196
[   76494ms] [LOG] [Fast Refresh] done in 86ms @ webpack-internal:///(app-pages-browser)/../../node_modules/.pnpm/next@15.5.19_@opentelemetry+api@1.9.1_react-dom@19.2.7_react@19.2.7__react@19.2.7/node_modules/next/dist/client/dev/report-hmr-latency.js:13
[   78086ms] [LOG] [Fast Refresh] done in 1678ms @ webpack-internal:///(app-pages-browser)/../../node_modules/.pnpm/next@15.5.19_@opentelemetry+api@1.9.1_react-dom@19.2.7_react@19.2.7__react@19.2.7/node_modules/next/dist/client/dev/report-hmr-latency.js:13
[   79472ms] [LOG] [Fast Refresh] rebuilding @ webpack-internal:///(app-pages-browser)/../../node_modules/.pnpm/next@15.5.19_@opentelemetry+api@1.9.1_react-dom@19.2.7_react@19.2.7__react@19.2.7/node_modules/next/dist/client/dev/hot-reloader/app/hot-reloader-app.js:196
[   79947ms] [LOG] [Fast Refresh] rebuilding @ webpack-internal:///(app-pages-browser)/../../node_modules/.pnpm/next@15.5.19_@opentelemetry+api@1.9.1_react-dom@19.2.7_react@19.2.7__react@19.2.7/node_modules/next/dist/client/dev/hot-reloader/app/hot-reloader-app.js:196
[   80004ms] [LOG] [Fast Refresh] done in 56ms @ webpack-internal:///(app-pages-browser)/../../node_modules/.pnpm/next@15.5.19_@opentelemetry+api@1.9.1_react-dom@19.2.7_react@19.2.7__react@19.2.7/node_modules/next/dist/client/dev/report-hmr-latency.js:13
[   81882ms] [LOG] [Fast Refresh] done in 1934ms @ webpack-internal:///(app-pages-browser)/../../node_modules/.pnpm/next@15.5.19_@opentelemetry+api@1.9.1_react-dom@19.2.7_react@19.2.7__react@19.2.7/node_modules/next/dist/client/dev/report-hmr-latency.js:13
[  161077ms] [LOG] [Fast Refresh] rebuilding @ webpack-internal:///(app-pages-browser)/../../node_modules/.pnpm/next@15.5.19_@opentelemetry+api@1.9.1_react-dom@19.2.7_react@19.2.7__react@19.2.7/node_modules/next/dist/client/dev/hot-reloader/app/hot-reloader-app.js:196
[  161616ms] [LOG] [Fast Refresh] rebuilding @ webpack-internal:///(app-pages-browser)/../../node_modules/.pnpm/next@15.5.19_@opentelemetry+api@1.9.1_react-dom@19.2.7_react@19.2.7__react@19.2.7/node_modules/next/dist/client/dev/hot-reloader/app/hot-reloader-app.js:196
[  161642ms] [LOG] [Fast Refresh] done in 26ms @ webpack-internal:///(app-pages-browser)/../../node_modules/.pnpm/next@15.5.19_@opentelemetry+api@1.9.1_react-dom@19.2.7_react@19.2.7__react@19.2.7/node_modules/next/dist/client/dev/report-hmr-latency.js:13
[  163307ms] [LOG] [Fast Refresh] done in 1690ms @ webpack-internal:///(app-pages-browser)/../../node_modules/.pnpm/next@15.5.19_@opentelemetry+api@1.9.1_react-dom@19.2.7_react@19.2.7__react@19.2.7/node_modules/next/dist/client/dev/report-hmr-latency.js:13
[  164525ms] [LOG] [Fast Refresh] rebuilding @ webpack-internal:///(app-pages-browser)/../../node_modules/.pnpm/next@15.5.19_@opentelemetry+api@1.9.1_react-dom@19.2.7_react@19.2.7__react@19.2.7/node_modules/next/dist/client/dev/hot-reloader/app/hot-reloader-app.js:196
[  164859ms] [LOG] [Fast Refresh] rebuilding @ webpack-internal:///(app-pages-browser)/../../node_modules/.pnpm/next@15.5.19_@opentelemetry+api@1.9.1_react-dom@19.2.7_react@19.2.7__react@19.2.7/node_modules/next/dist/client/dev/hot-reloader/app/hot-reloader-app.js:196
[  165144ms] [LOG] [Fast Refresh] done in 285ms @ webpack-internal:///(app-pages-browser)/../../node_modules/.pnpm/next@15.5.19_@opentelemetry+api@1.9.1_react-dom@19.2.7_react@19.2.7__react@19.2.7/node_modules/next/dist/client/dev/report-hmr-latency.js:13
[  166096ms] [LOG] [Fast Refresh] done in 1237ms @ webpack-internal:///(app-pages-browser)/../../node_modules/.pnpm/next@15.5.19_@opentelemetry+api@1.9.1_react-dom@19.2.7_react@19.2.7__react@19.2.7/node_modules/next/dist/client/dev/report-hmr-latency.js:13
[  180433ms] [LOG] [Fast Refresh] rebuilding @ webpack-internal:///(app-pages-browser)/../../node_modules/.pnpm/next@15.5.19_@opentelemetry+api@1.9.1_react-dom@19.2.7_react@19.2.7__react@19.2.7/node_modules/next/dist/client/dev/hot-reloader/app/hot-reloader-app.js:196
[  181142ms] [LOG] [Fast Refresh] rebuilding @ webpack-internal:///(app-pages-browser)/../../node_modules/.pnpm/next@15.5.19_@opentelemetry+api@1.9.1_react-dom@19.2.7_react@19.2.7__react@19.2.7/node_modules/next/dist/client/dev/hot-reloader/app/hot-reloader-app.js:196
[  181336ms] [LOG] [Fast Refresh] done in 194ms @ webpack-internal:///(app-pages-browser)/../../node_modules/.pnpm/next@15.5.19_@opentelemetry+api@1.9.1_react-dom@19.2.7_react@19.2.7__react@19.2.7/node_modules/next/dist/client/dev/report-hmr-latency.js:13
[  182538ms] [LOG] [Fast Refresh] done in 1397ms @ webpack-internal:///(app-pages-browser)/../../node_modules/.pnpm/next@15.5.19_@opentelemetry+api@1.9.1_react-dom@19.2.7_react@19.2.7__react@19.2.7/node_modules/next/dist/client/dev/report-hmr-latency.js:13
[  183403ms] [LOG] [Fast Refresh] rebuilding @ webpack-internal:///(app-pages-browser)/../../node_modules/.pnpm/next@15.5.19_@opentelemetry+api@1.9.1_react-dom@19.2.7_react@19.2.7__react@19.2.7/node_modules/next/dist/client/dev/hot-reloader/app/hot-reloader-app.js:196
[  184123ms] [LOG] [Fast Refresh] rebuilding @ webpack-internal:///(app-pages-browser)/../../node_modules/.pnpm/next@15.5.19_@opentelemetry+api@1.9.1_react-dom@19.2.7_react@19.2.7__react@19.2.7/node_modules/next/dist/client/dev/hot-reloader/app/hot-reloader-app.js:196
[  184621ms] [LOG] [Fast Refresh] done in 498ms @ webpack-internal:///(app-pages-browser)/../../node_modules/.pnpm/next@15.5.19_@opentelemetry+api@1.9.1_react-dom@19.2.7_react@19.2.7__react@19.2.7/node_modules/next/dist/client/dev/report-hmr-latency.js:13
[  185538ms] [LOG] [Fast Refresh] done in 1414ms @ webpack-internal:///(app-pages-browser)/../../node_modules/.pnpm/next@15.5.19_@opentelemetry+api@1.9.1_react-dom@19.2.7_react@19.2.7__react@19.2.7/node_modules/next/dist/client/dev/report-hmr-latency.js:13
[  210861ms] [LOG] [Fast Refresh] rebuilding @ webpack-internal:///(app-pages-browser)/../../node_modules/.pnpm/next@15.5.19_@opentelemetry+api@1.9.1_react-dom@19.2.7_react@19.2.7__react@19.2.7/node_modules/next/dist/client/dev/hot-reloader/app/hot-reloader-app.js:196
[  211278ms] [LOG] [Fast Refresh] rebuilding @ webpack-internal:///(app-pages-browser)/../../node_modules/.pnpm/next@15.5.19_@opentelemetry+api@1.9.1_react-dom@19.2.7_react@19.2.7__react@19.2.7/node_modules/next/dist/client/dev/hot-reloader/app/hot-reloader-app.js:196
[  211574ms] [LOG] [Fast Refresh] done in 296ms @ webpack-internal:///(app-pages-browser)/../../node_modules/.pnpm/next@15.5.19_@opentelemetry+api@1.9.1_react-dom@19.2.7_react@19.2.7__react@19.2.7/node_modules/next/dist/client/dev/report-hmr-latency.js:13
[  212648ms] [LOG] [Fast Refresh] done in 1369ms @ webpack-internal:///(app-pages-browser)/../../node_modules/.pnpm/next@15.5.19_@opentelemetry+api@1.9.1_react-dom@19.2.7_react@19.2.7__react@19.2.7/node_modules/next/dist/client/dev/report-hmr-latency.js:13
[  232603ms] [LOG] [Fast Refresh] rebuilding @ webpack-internal:///(app-pages-browser)/../../node_modules/.pnpm/next@15.5.19_@opentelemetry+api@1.9.1_react-dom@19.2.7_react@19.2.7__react@19.2.7/node_modules/next/dist/client/dev/hot-reloader/app/hot-reloader-app.js:196
[  232850ms] [LOG] [Fast Refresh] rebuilding @ webpack-internal:///(app-pages-browser)/../../node_modules/.pnpm/next@15.5.19_@opentelemetry+api@1.9.1_react-dom@19.2.7_react@19.2.7__react@19.2.7/node_modules/next/dist/client/dev/hot-reloader/app/hot-reloader-app.js:196
[  233053ms] [LOG] [Fast Refresh] done in 203ms @ webpack-internal:///(app-pages-browser)/../../node_modules/.pnpm/next@15.5.19_@opentelemetry+api@1.9.1_react-dom@19.2.7_react@19.2.7__react@19.2.7/node_modules/next/dist/client/dev/report-hmr-latency.js:13
[  234377ms] [LOG] [Fast Refresh] done in 1526ms @ webpack-internal:///(app-pages-browser)/../../node_modules/.pnpm/next@15.5.19_@opentelemetry+api@1.9.1_react-dom@19.2.7_react@19.2.7__react@19.2.7/node_modules/next/dist/client/dev/report-hmr-latency.js:13
